../Drivers/API/src/app.c:174:13:AddToQueue	24	static
../Drivers/API/src/app.c:188:15:CheckLeapYear	16	static
../Drivers/API/src/app.c:199:17:GetFromQueue	16	static
../Drivers/API/src/app.c:212:13:MenuInit	4	static
../Drivers/API/src/app.c:223:13:MenuUpdate	16	static
../Drivers/API/src/app.c:264:13:SetAlarmMode	16	static
../Drivers/API/src/app.c:293:13:SetTimeMode	24	static
../Drivers/API/src/app.c:320:13:ShowOptions	8	static
../Drivers/API/src/app.c:345:13:ShowTimeMode	24	static
../Drivers/API/src/app.c:370:6:TimeSetInit	16	static
../Drivers/API/src/app.c:382:8:TimeSetUpdate	40	static
../Drivers/API/src/app.c:510:6:AppInit	8	static
../Drivers/API/src/app.c:528:6:AppUpdate	16	static
../Drivers/API/src/app.c:565:6:ButtonPressed	16	static
../Drivers/API/src/app.c:575:6:SwitchCursor	16	static
