../Drivers/API/src/app.c:60:5:addToQueue	24	static
../Drivers/API/src/app.c:72:5:removeFromQueue	16	static
../Drivers/API/src/app.c:83:5:getFromQueue	16	static
../Drivers/API/src/app.c:92:13:menuInit	4	static
../Drivers/API/src/app.c:96:13:timeSetInit	4	static
../Drivers/API/src/app.c:100:13:menuUpdate	16	static
../Drivers/API/src/app.c:134:8:checkLeapYear	16	static
../Drivers/API/src/app.c:140:6:switchCursor	16	static
../Drivers/API/src/app.c:152:8:timeSetUpdate	32	static
../Drivers/API/src/app.c:268:6:appInit	8	static
../Drivers/API/src/app.c:281:6:appUpdate	16	static
../Drivers/API/src/app.c:307:13:showTimeMode	16	static
../Drivers/API/src/app.c:325:13:setTimeMode	48	static
../Drivers/API/src/app.c:350:13:setAlarmMode	16	static
../Drivers/API/src/app.c:355:13:showOptions	8	static
../Drivers/API/src/app.c:374:6:buttonPressed	80	static
